../Core/Inc/motor/motor.hpp:26:11:kinematech::Motor::Motor(const kinematech::MotorCfg&)	24	static
../Core/Inc/sensor/sensor_null.hpp:19:7:virtual int kinematech::NullSensor::init(float)	16	static
../Core/Inc/sensor/sensor_null.hpp:20:7:virtual int kinematech::NullSensor::update()	16	static
../Core/Inc/sensor/sensor_null.hpp:21:7:virtual int kinematech::NullSensor::getAngle(float&)	16	static
../Core/Inc/sensor/sensor_null.hpp:22:7:virtual int kinematech::NullSensor::getVelocity(float&)	16	static
../Core/Inc/driver/driver.hpp:24:16:virtual void kinematech::Driver::attachMotor(kinematech::Motor*)	16	static
../Core/Inc/driver/driver.hpp:25:16:virtual void kinematech::Driver::attachSensor(kinematech::Sensor*)	16	static
../Core/Inc/driver/driver.hpp:29:16:virtual void kinematech::Driver::setLimits(const kinematech::LimitsCfg&)	16	static
../Core/Inc/driver/driver.hpp:30:16:virtual void kinematech::Driver::setController(const kinematech::ControllerCfg&)	16	static
../Core/Inc/driver/driver.hpp:33:16:virtual void kinematech::Driver::setTarget(float)	16	static
../Core/Inc/math/svpwm.h:15:14:float clampf(float, float, float)	24	static
../Core/Inc/math/svpwm.h:19:13:void svpwm(float, float, float, float, float, uint32_t, TIM_HandleTypeDef*)	96	static
../Core/Inc/driver/driver.hpp:19:7:constexpr kinematech::Driver::Driver()	16	static
../Core/Inc/driver/driver.hpp:21:11:kinematech::Driver::~Driver()	16	static
../Core/Inc/driver/driver.hpp:21:11:virtual kinematech::Driver::~Driver()	16	static
../Core/Inc/driver/driver_openloop.hpp:21:11:kinematech::OpenLoopDriver::OpenLoopDriver(TIM_HandleTypeDef*)	16	static
../Core/Inc/driver/driver_openloop.hpp:25:6:virtual int kinematech::OpenLoopDriver::init(float, float)	24	static
../Core/Inc/driver/driver_openloop.hpp:37:7:virtual void kinematech::OpenLoopDriver::setLimits(const kinematech::LimitsCfg&)	16	static
../Core/Inc/driver/driver_openloop.hpp:42:7:virtual void kinematech::OpenLoopDriver::setController(const kinematech::ControllerCfg&)	16	static
../Core/Inc/driver/driver_openloop.hpp:47:7:virtual void kinematech::OpenLoopDriver::setTarget(float)	16	static
../Core/Inc/driver/driver_openloop.hpp:51:7:virtual void kinematech::OpenLoopDriver::step()	24	static
../Core/Inc/sensor/sensor.hpp:18:11:kinematech::Sensor::~Sensor()	16	static
../Core/Inc/sensor/sensor.hpp:18:11:virtual kinematech::Sensor::~Sensor()	16	static
../Core/Src/esc_main.cpp:26:17:void ESC_Main_Init()	24	static
../Core/Src/esc_main.cpp:62:17:void ESC_Main_Loop()	4	static
../Core/Src/esc_main.cpp:68:17:void HAL_TIM_PeriodElapsedCallback(TIM_HandleTypeDef*)	16	static
../Core/Inc/driver/driver_openloop.hpp:19:7:kinematech::OpenLoopDriver::~OpenLoopDriver()	16	static
../Core/Inc/driver/driver_openloop.hpp:19:7:virtual kinematech::OpenLoopDriver::~OpenLoopDriver()	16	static
../Core/Inc/sensor/sensor_null.hpp:17:7:kinematech::NullSensor::~NullSensor()	16	static
../Core/Inc/sensor/sensor_null.hpp:17:7:virtual kinematech::NullSensor::~NullSensor()	16	static
../Core/Src/esc_main.cpp:72:1:void __static_initialization_and_destruction_0()	32	static
../Core/Src/esc_main.cpp:72:1:void __static_initialization_and_destruction_1()	8	static
../Core/Src/esc_main.cpp:72:1:cpp)	8	static
../Core/Src/esc_main.cpp:72:1:cpp)	8	static
